../Core/Src/newfunctions.c:15:6:bno055_writeData	32	static
../Core/Src/newfunctions.c:19:6:bno055_readData	32	static
../Core/Src/newfunctions.c:23:6:bno055_delay	16	static
../Core/Src/newfunctions.c:27:6:veriOkuma	8	static
../Core/Src/newfunctions.c:55:6:firlatma	4	static
../Core/Src/newfunctions.c:65:6:tirmanma	4	static
../Core/Src/newfunctions.c:72:6:arama	8	static
../Core/Src/newfunctions.c:90:6:drogueAcma	8	static
../Core/Src/newfunctions.c:97:6:anaParasutAcma	8	static
../Core/Src/newfunctions.c:106:6:inisKontrol	8	static
../Core/Src/newfunctions.c:123:6:ledYakma	8	static
../Core/Src/newfunctions.c:127:6:hizHesaplama	16	static
../Core/Src/newfunctions.c:145:7:irtifaHesaplama	8	static
../Core/Src/newfunctions.c:150:7:ortFiltreleme	24	static
../Core/Src/newfunctions.c:155:6:uartOkuma	296	static
