../Core/Src/newfunctions.c:13:6:bno055_writeData	32	static
../Core/Src/newfunctions.c:17:6:bno055_readData	32	static
../Core/Src/newfunctions.c:21:6:bno055_delay	16	static
../Core/Src/newfunctions.c:25:6:veriOkuma	8	static
../Core/Src/newfunctions.c:47:6:firlatma	4	static
../Core/Src/newfunctions.c:56:6:tirmanma	4	static
../Core/Src/newfunctions.c:62:6:arama	4	static
../Core/Src/newfunctions.c:68:6:drogueAcma	8	static
../Core/Src/newfunctions.c:89:6:anaParasutAcma	8	static
../Core/Src/newfunctions.c:96:6:inisKontrol	8	static
../Core/Src/newfunctions.c:113:6:ledYakma	8	static
../Core/Src/newfunctions.c:117:6:hizHesaplama	24	static
../Core/Src/newfunctions.c:127:7:irtifaHesaplama	8	static
../Core/Src/newfunctions.c:132:7:ortFiltreleme	24	static
../Core/Src/newfunctions.c:137:6:uartOkuma	296	static
